
Memory Configuration

Name             Origin             Length             Attributes
FLASH            0x08000000         0x00100000         xr
SRAM             0x20000000         0x00020000         xrw
*default*        0x00000000         0xffffffff

Linker script and memory map

LOAD main.o
LOAD led.o
LOAD stm32_startup.o

.text           0x08000000      0x7ec
 *(.isr_vectors)
 .isr_vectors   0x08000000      0x188 stm32_startup.o
                0x08000000                vectors
 *(.text)
 .text          0x08000188      0x4d0 main.o
                0x08000188                main
                0x080001b8                idle_task
                0x080001be                task1_handler
                0x080001e0                task2_handler
                0x08000202                task3_handler
                0x08000220                task4_handler
                0x0800023e                init_systick_timer
                0x080002a8                init_scheduler_stack
                0x080002b2                init_tasks_stack
                0x080003cc                enable_processor_faults
                0x08000408                get_psp_value
                0x08000428                save_psp_value
                0x08000450                update_next_task
                0x080004d8                switch_sp_to_psp
                0x080004f2                schedule
                0x08000518                task_delay
                0x08000578                PendSV_Handler
                0x0800059e                update_global_tick_count
                0x080005b8                unblock_tasks
                0x08000618                SysTick_Handler
                0x08000644                HardFault_Handler
                0x0800064a                MemManage_Handler
                0x08000650                BusFault_Handler
 .text          0x08000658       0xfc led.o
                0x08000658                delay
                0x08000680                led_init_all
                0x080006f4                led_on
                0x08000724                led_off
 .text          0x08000754       0x8c stm32_startup.o
                0x08000754                RTC_Alarm_IRQHandler
                0x08000754                HASH_RNG_IRQHandler
                0x08000754                EXTI2_IRQHandler
                0x08000754                TIM8_CC_IRQHandler
                0x08000754                SVCall_Handler
                0x08000754                TIM1_CC_IRQHandler
                0x08000754                DMA2_Stream5_IRQHandler
                0x08000754                DMA1_Stream5_IRQHandler
                0x08000754                PVD_IRQHandler
                0x08000754                SDIO_IRQHandler
                0x08000754                TAMP_STAMP_IRQHandler
                0x08000754                NMI_Handler
                0x08000754                CAN2_RX1_IRQHandler
                0x08000754                EXTI3_IRQHandler
                0x08000754                TIM8_TRG_COM_TIM14_IRQHandler
                0x08000754                TIM1_UP_TIM10_IRQHandler
                0x08000754                TIM8_UP_TIM13_IRQHandler
                0x08000754                I2C3_ER_IRQHandler
                0x08000754                EXTI0_IRQHandler
                0x08000754                I2C2_EV_IRQHandler
                0x08000754                DMA1_Stream2_IRQHandler
                0x08000754                CAN1_RX0_IRQHandler
                0x08000754                FPU_IRQHandler
                0x08000754                OTG_HS_WKUP_IRQHandler
                0x08000754                UsageFault_Handler
                0x08000754                CAN2_SCE_IRQHandler
                0x08000754                DMA2_Stream2_IRQHandler
                0x08000754                SPI1_IRQHandler
                0x08000754                TIM6_DAC_IRQHandler
                0x08000754                TIM1_BRK_TIM9_IRQHandler
                0x08000754                DCMI_IRQHandler
                0x08000754                CAN2_RX0_IRQHandler
                0x08000754                DMA2_Stream3_IRQHandler
                0x08000754                USART6_IRQHandler
                0x08000754                USART3_IRQHandler
                0x08000754                CRYP_IRQHandler
                0x08000754                DMA2_Stream6_IRQHandler
                0x08000754                CAN1_RX1_IRQHandler
                0x08000754                UART5_IRQHandler
                0x08000754                DMA2_Stream0_IRQHandler
                0x08000754                TIM4_IRQHandler
                0x08000754                I2C1_EV_IRQHandler
                0x08000754                DMA1_Stream6_IRQHandler
                0x08000754                DMA1_Stream1_IRQHandler
                0x08000754                UART4_IRQHandler
                0x08000754                TIM3_IRQHandler
                0x08000754                RCC_IRQHandler
                0x08000754                TIM8_BRK_TIM12_IRQHandler
                0x08000754                Default_Handler
                0x08000754                EXTI15_10_IRQHandler
                0x08000754                ADC_IRQHandler
                0x08000754                DMA1_Stream7_IRQHandler
                0x08000754                TIM7_IRQHandler
                0x08000754                CAN2_TX_IRQHandler
                0x08000754                TIM5_IRQHandler
                0x08000754                DMA2_Stream7_IRQHandler
                0x08000754                I2C3_EV_IRQHandler
                0x08000754                EXTI9_5_IRQHandler
                0x08000754                RTC_WKUP_IRQHandler
                0x08000754                ETH_WKUP_IRQHandler
                0x08000754                SPI2_IRQHandler
                0x08000754                OTG_HS_EP1_IN_IRQHandler
                0x08000754                DMA1_Stream0_IRQHandler
                0x08000754                CAN1_TX_IRQHandler
                0x08000754                EXTI4_IRQHandler
                0x08000754                FSMC_IRQHandler
                0x08000754                ETH_IRQHandler
                0x08000754                OTG_HS_EP1_OUT_IRQHandler
                0x08000754                WWDG_IRQHandler
                0x08000754                TIM2_IRQHandler
                0x08000754                OTG_FS_WKUP_IRQHandler
                0x08000754                TIM1_TRG_COM_TIM11_IRQHandler
                0x08000754                OTG_HS_IRQHandler
                0x08000754                EXTI1_IRQHandler
                0x08000754                USART2_IRQHandler
                0x08000754                I2C2_ER_IRQHandler
                0x08000754                DMA2_Stream1_IRQHandler
                0x08000754                CAN1_SCE_IRQHandler
                0x08000754                FLASH_IRQHandler
                0x08000754                DMA2_Stream4_IRQHandler
                0x08000754                USART1_IRQHandler
                0x08000754                OTG_FS_IRQHandler
                0x08000754                SPI3_IRQHandler
                0x08000754                DMA1_Stream4_IRQHandler
                0x08000754                I2C1_ER_IRQHandler
                0x08000754                DebugMonitor_Handler
                0x08000754                DMA1_Stream3_IRQHandler
                0x0800075a                Reset_Handler
 *(.rodata)
 .rodata        0x080007e0        0x9 main.o
                0x080007e0                const_v_1
                0x080007e4                const_v_2
                0x080007e8                const_V_3
                0x080007ec                . = ALIGN (0x4)
 *fill*         0x080007e9        0x3 
                0x080007ec                _etext = .

.glue_7         0x080007ec        0x0
 .glue_7        0x080007ec        0x0 linker stubs

.glue_7t        0x080007ec        0x0
 .glue_7t       0x080007ec        0x0 linker stubs

.vfp11_veneer   0x080007ec        0x0
 .vfp11_veneer  0x080007ec        0x0 linker stubs

.v4_bx          0x080007ec        0x0
 .v4_bx         0x080007ec        0x0 linker stubs

.iplt           0x080007ec        0x0
 .iplt          0x080007ec        0x0 main.o

.rel.dyn        0x080007ec        0x0
 .rel.iplt      0x080007ec        0x0 main.o

.data           0x20000000        0x4 load address 0x080007ec
                0x20000000                _sdata = .
 *(.data)
 .data          0x20000000        0x1 main.o
                0x20000000                current_task
 .data          0x20000001        0x0 led.o
 .data          0x20000001        0x0 stm32_startup.o
                0x20000004                . = ALIGN (0x4)
 *fill*         0x20000001        0x3 
                0x20000004                _edata = .

.igot.plt       0x20000004        0x0 load address 0x080007f0
 .igot.plt      0x20000004        0x0 main.o

.bss            0x20000004       0x54 load address 0x080007f0
                0x20000004                _sbss = .
 *(.bss)
 .bss           0x20000004       0x54 main.o
                0x20000004                g_tick_count
                0x20000008                user_tasks
 .bss           0x20000058        0x0 led.o
 .bss           0x20000058        0x0 stm32_startup.o
                0x20000058                . = ALIGN (0x4)
                0x20000058                _ebss = .
OUTPUT(final.elf elf32-littlearm)
LOAD linker stubs

.comment        0x00000000       0x49
 .comment       0x00000000       0x49 main.o
                                 0x4a (size before relaxing)
 .comment       0x00000049       0x4a led.o
 .comment       0x00000049       0x4a stm32_startup.o

.ARM.attributes
                0x00000000       0x2e
 .ARM.attributes
                0x00000000       0x2e main.o
 .ARM.attributes
                0x0000002e       0x2e led.o
 .ARM.attributes
                0x0000005c       0x2e stm32_startup.o
